[    0.000000] Linux version 4.15.0-122-generic (buildd@lgw01-amd64-036) (gcc version 7.5.0 (Ubuntu 7.5.0-3ubuntu1~18.04)) #124-Ubuntu SMP Thu Oct 15 13:03:05 UTC 2020 (Ubuntu 4.15.0-122.124-generic 4.15.18)
[    0.000000] Command line: BOOT_IMAGE=/boot/vmlinuz-4.15.0-122-generic root=UUID=72825086-8aea-4c69-bfc8-4be25d60c63b ro console=tty1 console=ttyS0
[    0.000000] KERNEL supported cpus:
[    0.000000]   Intel GenuineIntel
[    0.000000]   AMD AuthenticAMD
[    0.000000]   Centaur CentaurHauls
[    0.000000] x86/fpu: Supporting XSAVE feature 0x001: 'x87 floating point registers'
[    0.000000] x86/fpu: Supporting XSAVE feature 0x002: 'SSE registers'
[    0.000000] x86/fpu: Supporting XSAVE feature 0x004: 'AVX registers'
[    0.000000] x86/fpu: xstate_offset[2]:  576, xstate_sizes[2]:  256
[    0.000000] x86/fpu: Enabled xstate features 0x7, context size is 832 bytes, using 'standard' format.
[    0.000000] e820: BIOS-provided physical RAM map:
[    0.000000] BIOS-e820: [mem 0x0000000000000000-0x000000000009fbff] usable
[    0.000000] BIOS-e820: [mem 0x000000000009fc00-0x000000000009ffff] reserved
[    0.000000] BIOS-e820: [mem 0x00000000000f0000-0x00000000000fffff] reserved
[    0.000000] BIOS-e820: [mem 0x0000000000100000-0x000000007ffeffff] usable
[    0.000000] BIOS-e820: [mem 0x000000007fff0000-0x000000007fffffff] ACPI data
[    0.000000] BIOS-e820: [mem 0x00000000fec00000-0x00000000fec00fff] reserved
[    0.000000] BIOS-e820: [mem 0x00000000fee00000-0x00000000fee00fff] reserved
[    0.000000] BIOS-e820: [mem 0x00000000fffc0000-0x00000000ffffffff] reserved
[    0.000000] NX (Execute Disable) protection: active
[    0.000000] SMBIOS 2.5 present.
[    0.000000] DMI: innotek GmbH VirtualBox/VirtualBox, BIOS VirtualBox 12/01/2006
[    0.000000] Hypervisor detected: KVM
[    0.000000] e820: last_pfn = 0x7fff0 max_arch_pfn = 0x400000000
[    0.000000] MTRR: Disabled
[    0.000000] x86/PAT: MTRRs disabled, skipping PAT initialization too.
[    0.000000] CPU MTRRs all blank - virtualized system.
[    0.000000] x86/PAT: Configuration [0-7]: WB  WT  UC- UC  WB  WT  UC- UC  
[    0.000000] found SMP MP-table at [mem 0x0009fff0-0x0009ffff]
[    0.000000] Scanning 1 areas for low memory corruption
[    0.000000] RAMDISK: [mem 0x3595d000-0x36ca5fff]
[    0.000000] ACPI: Early table checksum verification disabled
[    0.000000] ACPI: RSDP 0x00000000000E0000 000024 (v02 VBOX  )
[    0.000000] ACPI: XSDT 0x000000007FFF0030 00003C (v01 VBOX   VBOXXSDT 00000001 ASL  00000061)
[    0.000000] ACPI: FACP 0x000000007FFF00F0 0000F4 (v04 VBOX   VBOXFACP 00000001 ASL  00000061)
[    0.000000] ACPI: DSDT 0x000000007FFF0470 002325 (v02 VBOX   VBOXBIOS 00000002 INTL 20120111)
[    0.000000] ACPI: FACS 0x000000007FFF0200 000040
[    0.000000] ACPI: FACS 0x000000007FFF0200 000040
[    0.000000] ACPI: APIC 0x000000007FFF0240 00005C (v02 VBOX   VBOXAPIC 00000001 ASL  00000061)
[    0.000000] ACPI: SSDT 0x000000007FFF02A0 0001CC (v01 VBOX   VBOXCPUT 00000002 INTL 20120111)
[    0.000000] No NUMA configuration found
[    0.000000] Faking a node at [mem 0x0000000000000000-0x000000007ffeffff]
[    0.000000] NODE_DATA(0) allocated [mem 0x7ffc5000-0x7ffeffff]
[    0.000000] kvm-clock: cpu 0, msr 0:7ff44001, primary cpu clock
[    0.000000] kvm-clock: Using msrs 4b564d01 and 4b564d00
[    0.000000] kvm-clock: using sched offset of 4304411343 cycles
[    0.000000] clocksource: kvm-clock: mask: 0xffffffffffffffff max_cycles: 0x1cd42e4dffb, max_idle_ns: 881590591483 ns
[    0.000000] Zone ranges:
[    0.000000]   DMA      [mem 0x0000000000001000-0x0000000000ffffff]
[    0.000000]   DMA32    [mem 0x0000000001000000-0x000000007ffeffff]
[    0.000000]   Normal   empty
[    0.000000]   Device   empty
[    0.000000] Movable zone start for each node
[    0.000000] Early memory node ranges
[    0.000000]   node   0: [mem 0x0000000000001000-0x000000000009efff]
[    0.000000]   node   0: [mem 0x0000000000100000-0x000000007ffeffff]
[    0.000000] Reserved but unavailable: 98 pages
[    0.000000] Initmem setup node 0 [mem 0x0000000000001000-0x000000007ffeffff]
[    0.000000] ACPI: PM-Timer IO Port: 0x4008
[    0.000000] IOAPIC[0]: apic_id 2, version 32, address 0xfec00000, GSI 0-23
[    0.000000] ACPI: INT_SRC_OVR (bus 0 bus_irq 0 global_irq 2 dfl dfl)
[    0.000000] ACPI: INT_SRC_OVR (bus 0 bus_irq 9 global_irq 9 low level)
[    0.000000] Using ACPI (MADT) for SMP configuration information
[    0.000000] smpboot: Allowing 2 CPUs, 0 hotplug CPUs
[    0.000000] PM: Registered nosave memory: [mem 0x00000000-0x00000fff]
[    0.000000] PM: Registered nosave memory: [mem 0x0009f000-0x0009ffff]
[    0.000000] PM: Registered nosave memory: [mem 0x000a0000-0x000effff]
[    0.000000] PM: Registered nosave memory: [mem 0x000f0000-0x000fffff]
[    0.000000] e820: [mem 0x80000000-0xfebfffff] available for PCI devices
[    0.000000] Booting paravirtualized kernel on KVM
[    0.000000] clocksource: refined-jiffies: mask: 0xffffffff max_cycles: 0xffffffff, max_idle_ns: 7645519600211568 ns
[    0.000000] random: get_random_bytes called from start_kernel+0x99/0x500 with crng_init=0
[    0.000000] setup_percpu: NR_CPUS:8192 nr_cpumask_bits:2 nr_cpu_ids:2 nr_node_ids:1
[    0.000000] percpu: Embedded 45 pages/cpu s147456 r8192 d28672 u1048576
[    0.000000] PV qspinlock hash table entries: 256 (order: 0, 4096 bytes)
[    0.000000] Built 1 zonelists, mobility grouping on.  Total pages: 515961
[    0.000000] Policy zone: DMA32
[    0.000000] Kernel command line: BOOT_IMAGE=/boot/vmlinuz-4.15.0-122-generic root=UUID=72825086-8aea-4c69-bfc8-4be25d60c63b ro console=tty1 console=ttyS0
[    0.000000] Memory: 2014692K/2096696K available (12300K kernel code, 2482K rwdata, 4272K rodata, 2436K init, 2724K bss, 82004K reserved, 0K cma-reserved)
[    0.000000] SLUB: HWalign=64, Order=0-3, MinObjects=0, CPUs=2, Nodes=1
[    0.000000] Kernel/User page tables isolation: enabled
[    0.000000] ftrace: allocating 39402 entries in 154 pages
[    0.004000] Hierarchical RCU implementation.
[    0.004000] 	RCU restricting CPUs from NR_CPUS=8192 to nr_cpu_ids=2.
[    0.004000] 	Tasks RCU enabled.
[    0.004000] RCU: Adjusting geometry for rcu_fanout_leaf=16, nr_cpu_ids=2
[    0.004000] NR_IRQS: 524544, nr_irqs: 440, preallocated irqs: 16
[    0.004000] Console: colour VGA+ 80x25
[    0.004000] console [tty1] enabled
[    0.004000] console [ttyS0] enabled
[    0.004000] ACPI: Core revision 20170831
[    0.004000] ACPI: 2 ACPI AML tables successfully acquired and loaded
[    0.004000] APIC: Switch to symmetric I/O mode setup
[    0.004000] x2apic enabled
[    0.004000] Switched APIC routing to physical x2apic.
[    0.005031] ..TIMER: vector=0x30 apic1=0 pin1=2 apic2=-1 pin2=-1
[    0.008002] tsc: Detected 2904.000 MHz processor
[    0.009024] Calibrating delay loop (skipped) preset value.. 5808.00 BogoMIPS (lpj=11616000)
[    0.012002] pid_max: default: 32768 minimum: 301
[    0.012970] Security Framework initialized
[    0.013833] Yama: becoming mindful.
[    0.014579] AppArmor: AppArmor initialized
[    0.017526] Dentry cache hash table entries: 262144 (order: 9, 2097152 bytes)
[    0.020000] Inode-cache hash table entries: 131072 (order: 8, 1048576 bytes)
[    0.020023] Mount-cache hash table entries: 4096 (order: 3, 32768 bytes)
[    0.024009] Mountpoint-cache hash table entries: 4096 (order: 3, 32768 bytes)
[    0.025849] Last level iTLB entries: 4KB 64, 2MB 8, 4MB 8
[    0.028002] Last level dTLB entries: 4KB 64, 2MB 0, 4MB 0, 1GB 4
[    0.030494] Spectre V1 : Mitigation: usercopy/swapgs barriers and __user pointer sanitization
[    0.032006] Spectre V2 : Mitigation: Full generic retpoline
[    0.033760] Spectre V2 : Spectre v2 / SpectreRSB mitigation: Filling RSB on context switch
[    0.036004] Speculative Store Bypass: Vulnerable
[    0.037281] SRBDS: Unknown: Dependent on hypervisor status
[    0.040004] MDS: Mitigation: Clear CPU buffers
[    0.041286] Freeing SMP alternatives memory: 36K
[    0.153211] smpboot: CPU0: Intel(R) Core(TM) i5-6267U CPU @ 2.90GHz (family: 0x6, model: 0x4e, stepping: 0x3)
[    0.156000] Performance Events: unsupported p6 CPU model 78 no PMU driver, software events only.
[    0.156038] Hierarchical SRCU implementation.
[    0.160117] NMI watchdog: Perf event create on CPU 0 failed with -2
[    0.161825] NMI watchdog: Perf NMI watchdog permanently disabled
[    0.163312] smp: Bringing up secondary CPUs ...
[    0.164108] x86: Booting SMP configuration:
[    0.165261] .... node  #0, CPUs:      #1
[    0.004000] kvm-clock: cpu 1, msr 0:7ff44041, secondary cpu clock
[    0.170866] smp: Brought up 1 node, 2 CPUs
[    0.172007] smpboot: Max logical packages: 1
[    0.173069] smpboot: Total of 2 processors activated (11616.00 BogoMIPS)
[    0.174783] devtmpfs: initialized
[    0.176053] x86/mm: Memory block size: 128MB
[    0.177296] evm: security.selinux
[    0.178121] evm: security.SMACK64
[    0.180004] evm: security.SMACK64EXEC
[    0.181030] evm: security.SMACK64TRANSMUTE
[    0.181968] evm: security.SMACK64MMAP
[    0.182873] evm: security.apparmor
[    0.184003] evm: security.ima
[    0.184865] evm: security.capability
[    0.185715] clocksource: jiffies: mask: 0xffffffff max_cycles: 0xffffffff, max_idle_ns: 7645041785100000 ns
[    0.188022] futex hash table entries: 512 (order: 3, 32768 bytes)
[    0.190893] pinctrl core: initialized pinctrl subsystem
[    0.192119] RTC time: 14:15:25, date: 11/23/20
[    0.193411] NET: Registered protocol family 16
[    0.196020] audit: initializing netlink subsys (disabled)
[    0.197428] audit: type=2000 audit(1606140931.461:1): state=initialized audit_enabled=0 res=1
[    0.200015] cpuidle: using governor ladder
[    0.201163] cpuidle: using governor menu
[    0.202160] ACPI: bus type PCI registered
[    0.203027] acpiphp: ACPI Hot Plug PCI Controller Driver version: 0.5
[    0.204112] PCI: Using configuration type 1 for base access
[    0.208047] HugeTLB registered 2.00 MiB page size, pre-allocated 0 pages
[    0.209484] ACPI: Added _OSI(Module Device)
[    0.212004] ACPI: Added _OSI(Processor Device)
[    0.213141] ACPI: Added _OSI(3.0 _SCP Extensions)
[    0.216007] ACPI: Added _OSI(Processor Aggregator Device)
[    0.217907] ACPI: Added _OSI(Linux-Dell-Video)
[    0.220008] ACPI: Added _OSI(Linux-Lenovo-NV-HDMI-Audio)
[    0.222880] ACPI: Added _OSI(Linux-HPI-Hybrid-Graphics)
[    0.224681] ACPI: Executed 1 blocks of module-level executable AML code
[    0.235320] ACPI: Interpreter enabled
[    0.236031] ACPI: (supports S0 S5)
[    0.237508] ACPI: Using IOAPIC for interrupt routing
[    0.240239] PCI: Using host bridge windows from ACPI; if necessary, use "pci=nocrs" and report a bug
[    0.244349] ACPI: Enabled 2 GPEs in block 00 to 07
[    0.256385] ACPI: PCI Root Bridge [PCI0] (domain 0000 [bus 00-ff])
[    0.258234] acpi PNP0A03:00: _OSC: OS supports [ASPM ClockPM Segments MSI]
[    0.260711] acpi PNP0A03:00: _OSC: not requesting OS control; OS requires [ExtendedConfig ASPM ClockPM MSI]
[    0.264026] acpi PNP0A03:00: fail to add MMCONFIG information, can't access extended PCI configuration space under this bridge.
[    0.268937] PCI host bridge to bus 0000:00
[    0.270660] pci_bus 0000:00: root bus resource [io  0x0000-0x0cf7 window]
[    0.272007] pci_bus 0000:00: root bus resource [io  0x0d00-0xffff window]
[    0.276007] pci_bus 0000:00: root bus resource [mem 0x000a0000-0x000bffff window]
[    0.278783] pci_bus 0000:00: root bus resource [mem 0x80000000-0xfdffffff window]
[    0.280009] pci_bus 0000:00: root bus resource [bus 00-ff]
[    0.288910] pci 0000:00:01.1: legacy IDE quirk: reg 0x10: [io  0x01f0-0x01f7]
[    0.292008] pci 0000:00:01.1: legacy IDE quirk: reg 0x14: [io  0x03f6]
[    0.296008] pci 0000:00:01.1: legacy IDE quirk: reg 0x18: [io  0x0170-0x0177]
[    0.299755] pci 0000:00:01.1: legacy IDE quirk: reg 0x1c: [io  0x0376]
[    0.334037] pci 0000:00:07.0: quirk: [io  0x4000-0x403f] claimed by PIIX4 ACPI
[    0.336006] pci 0000:00:07.0: quirk: [io  0x4100-0x410f] claimed by PIIX4 SMB
[    0.353005] ACPI: PCI Interrupt Link [LNKA] (IRQs 5 9 10 *11)
[    0.355479] ACPI: PCI Interrupt Link [LNKB] (IRQs 5 9 *10 11)
[    0.356155] ACPI: PCI Interrupt Link [LNKC] (IRQs 5 *9 10 11)
[    0.357468] ACPI: PCI Interrupt Link [LNKD] (IRQs 5 9 10 *11)
[    0.360415] SCSI subsystem initialized
[    0.363296] pci 0000:00:02.0: vgaarb: setting as boot VGA device
[    0.363296] pci 0000:00:02.0: vgaarb: VGA device added: decodes=io+mem,owns=io+mem,locks=none
[    0.364014] pci 0000:00:02.0: vgaarb: bridge control possible
[    0.368003] vgaarb: loaded
[    0.369025] ACPI: bus type USB registered
[    0.369878] usbcore: registered new interface driver usbfs
[    0.371085] usbcore: registered new interface driver hub
[    0.372027] usbcore: registered new device driver usb
[    0.373289] EDAC MC: Ver: 3.0.0
[    0.373289] PCI: Using ACPI for IRQ routing
[    0.376352] NetLabel: Initializing
[    0.377409] NetLabel:  domain hash size = 128
[    0.380002] NetLabel:  protocols = UNLABELED CIPSOv4 CALIPSO
[    0.381160] NetLabel:  unlabeled traffic allowed by default
[    0.382347] clocksource: Switched to clocksource kvm-clock
[    0.397127] VFS: Disk quotas dquot_6.6.0
[    0.404483] VFS: Dquot-cache hash table entries: 512 (order 0, 4096 bytes)
[    0.407221] AppArmor: AppArmor Filesystem Enabled
[    0.408279] pnp: PnP ACPI init
[    0.410300] pnp: PnP ACPI: found 3 devices
[    0.420193] clocksource: acpi_pm: mask: 0xffffff max_cycles: 0xffffff, max_idle_ns: 2085701024 ns
[    0.423610] NET: Registered protocol family 2
[    0.426624] TCP established hash table entries: 16384 (order: 5, 131072 bytes)
[    0.428688] TCP bind hash table entries: 16384 (order: 6, 262144 bytes)
[    0.430632] TCP: Hash tables configured (established 16384 bind 16384)
[    0.433941] UDP hash table entries: 1024 (order: 3, 32768 bytes)
[    0.435713] UDP-Lite hash table entries: 1024 (order: 3, 32768 bytes)
[    0.437821] NET: Registered protocol family 1
[    0.439311] pci 0000:00:00.0: Limiting direct PCI/PCI transfers
[    0.440594] pci 0000:00:01.0: Activating ISA DMA hang workarounds
[    0.441915] pci 0000:00:02.0: Video device with shadowed ROM at [mem 0x000c0000-0x000dffff]
[    0.447716] Unpacking initramfs...
[    0.815245] Freeing initrd memory: 19748K
[    0.816995] clocksource: tsc: mask: 0xffffffffffffffff max_cycles: 0x29dc05e54fc, max_idle_ns: 440795291716 ns
[    0.820662] platform rtc_cmos: registered platform RTC device (no PNP device found)
[    0.822804] Scanning for low memory corruption every 60 seconds
[    0.825031] Initialise system trusted keyrings
[    0.826284] Key type blacklist registered
[    0.827989] workingset: timestamp_bits=36 max_order=19 bucket_order=0
[    0.830735] zbud: loaded
[    0.831935] squashfs: version 4.0 (2009/01/31) Phillip Lougher
[    0.833634] fuse init (API version 7.26)
[    0.838467] Key type asymmetric registered
[    0.839438] Asymmetric key parser 'x509' registered
[    0.840685] Block layer SCSI generic (bsg) driver version 0.4 loaded (major 246)
[    0.842929] io scheduler noop registered
[    0.843906] io scheduler deadline registered
[    0.845237] io scheduler cfq registered (default)
[    0.846757] ACPI: AC Adapter [AC] (off-line)
[    0.847871] input: Power Button as /devices/LNXSYSTM:00/LNXPWRBN:00/input/input0
[    0.849589] ACPI: Power Button [PWRF]
[    0.850485] input: Sleep Button as /devices/LNXSYSTM:00/LNXSLPBN:00/input/input1
[    0.852016] ACPI: Sleep Button [SLPF]
[    0.855066] ACPI: Battery Slot [BAT0] (battery present)
[    0.856468] Serial: 8250/16550 driver, 32 ports, IRQ sharing enabled
[    0.879110] 00:02: ttyS0 at I/O 0x3f8 (irq = 4, base_baud = 115200) is a 16550A
[    0.885820] Linux agpgart interface v0.103
[    0.888858] loop: module loaded
[    0.890376] scsi host0: ata_piix
[    0.891199] scsi host1: ata_piix
[    0.891957] ata1: PATA max UDMA/33 cmd 0x1f0 ctl 0x3f6 bmdma 0xd000 irq 14
[    0.893483] ata2: PATA max UDMA/33 cmd 0x170 ctl 0x376 bmdma 0xd008 irq 15
[    0.895698] libphy: Fixed MDIO Bus: probed
[    0.897049] tun: Universal TUN/TAP device driver, 1.6
[    0.898765] PPP generic driver version 2.4.2
[    0.900214] ehci_hcd: USB 2.0 'Enhanced' Host Controller (EHCI) Driver
[    0.901983] ehci-pci: EHCI PCI platform driver
[    0.903610] ehci-platform: EHCI generic platform driver
[    0.905601] ohci_hcd: USB 1.1 'Open' Host Controller (OHCI) Driver
[    0.906839] ohci-pci: OHCI PCI platform driver
[    0.907757] ohci-platform: OHCI generic platform driver
[    0.908949] uhci_hcd: USB Universal Host Controller Interface driver
[    0.910952] i8042: PNP: PS/2 Controller [PNP0303:PS2K,PNP0f03:PS2M] at 0x60,0x64 irq 1,12
[    0.913178] serio: i8042 KBD port at 0x60,0x64 irq 1
[    0.915061] serio: i8042 AUX port at 0x60,0x64 irq 12
[    0.916984] mousedev: PS/2 mouse device common for all mice
[    0.919259] rtc_cmos rtc_cmos: rtc core: registered rtc_cmos as rtc0
[    0.921387] input: AT Translated Set 2 keyboard as /devices/platform/i8042/serio0/input/input2
[    0.923207] rtc_cmos rtc_cmos: alarms up to one day, 114 bytes nvram
[    0.924959] i2c /dev entries driver
[    0.925752] device-mapper: uevent: version 1.0.3
[    0.927286] device-mapper: ioctl: 4.37.0-ioctl (2017-09-20) initialised: dm-devel@redhat.com
[    0.929211] ledtrig-cpu: registered to indicate activity on CPUs
[    0.931532] NET: Registered protocol family 10
[    0.937966] Segment Routing with IPv6
[    0.939128] NET: Registered protocol family 17
[    0.940331] Key type dns_resolver registered
[    0.941489] mce: Using 0 MCE banks
[    0.942394] RAS: Correctable Errors collector initialized.
[    0.943522] sched_clock: Marking stable (941465321, 0)->(1149473015, -208007694)
[    0.945694] registered taskstats version 1
[    0.946554] Loading compiled-in X.509 certificates
[    0.949842] Loaded X.509 cert 'Build time autogenerated kernel key: 1ac9abf9980c816fb9cfffb58ec8b2f33f2baf04'
[    0.952386] zswap: loaded using pool lzo/zbud
[    0.957034] Key type big_key registered
[    0.958297] Key type trusted registered
[    0.962470] Key type encrypted registered
[    0.963933] AppArmor: AppArmor sha1 policy hashing enabled
[    0.965374] ima: No TPM chip found, activating TPM-bypass! (rc=-19)
[    0.967128] ima: Allocated hash algorithm: sha1
[    0.968400] evm: HMAC attrs: 0x1
[    0.969487]   Magic number: 12:962:283
[    0.970361] rtc_cmos rtc_cmos: setting system clock to 2020-11-23 14:15:26 UTC (1606140926)
[    0.972598] BIOS EDD facility v0.16 2004-Jun-25, 0 devices found
[    0.973883] EDD information not available.
[    1.079199] Freeing unused kernel image memory: 2436K
[    1.092402] Write protecting the kernel read-only data: 20480k
[    1.095149] Freeing unused kernel image memory: 2008K
[    1.097006] Freeing unused kernel image memory: 1872K
[    1.106745] x86/mm: Checked W+X mappings: passed, no W+X pages found.
[    1.108911] x86/mm: Checking user space page tables
[    1.118896] x86/mm: Checked W+X mappings: passed, no W+X pages found.
Loading, please wait...
starting version 237
[    1.208555] e1000: Intel(R) PRO/1000 Network Driver - version 7.3.21-k8-NAPI
[    1.210542] e1000: Copyright (c) 1999-2006 Intel Corporation.
[    1.214692] Fusion MPT base driver 3.04.20
[    1.215761] Copyright (c) 1999-2008 LSI Corporation
[    1.238133] Fusion MPT SPI Host driver 3.04.20
[    1.257303] AVX2 version of gcm_enc/dec engaged.
[    1.258618] AES CTR mode by8 optimization enabled
[    1.459008] input: ImExPS/2 Generic Explorer Mouse as /devices/platform/i8042/serio1/input/input4
[    1.831168] e1000 0000:00:03.0 eth0: (PCI:33MHz:32-bit) 02:b0:7e:28:3d:e6
[    1.833140] e1000 0000:00:03.0 eth0: Intel(R) PRO/1000 Network Connection
[    1.835547] mptbase: ioc0: Initiating bringup
[    3.287574] ioc0: LSI53C1030 A0: Capabilities={Initiator}
[    6.827167] scsi host2: ioc0: LSI53C1030 A0, FwRev=00000000h, Ports=1, MaxQ=256, IRQ=20
[    8.479073] scsi 2:0:0:0: Direct-Access     VBOX     HARDDISK         1.0  PQ: 0 ANSI: 5
[    9.262884] scsi target2:0:0: Beginning Domain Validation
[    9.326661] scsi target2:0:0: Domain Validation skipping write tests
[    9.328905] scsi target2:0:0: Ending Domain Validation
[    9.336124] scsi target2:0:0: asynchronous
[    9.342135] scsi 2:0:1:0: Direct-Access     VBOX     HARDDISK         1.0  PQ: 0 ANSI: 5
[    9.644654] scsi target2:0:1: Beginning Domain Validation
[    9.649500] random: fast init done
[    9.651686] scsi target2:0:1: Domain Validation skipping write tests
[    9.653367] scsi target2:0:1: Ending Domain Validation
[    9.655022] scsi target2:0:1: asynchronous
[    9.661398] random: systemd-udevd: uninitialized urandom read (16 bytes read)
[    9.661494] sd 2:0:0:0: Attached scsi generic sg0 type 0
[    9.663289] random: systemd-udevd: uninitialized urandom read (16 bytes read)
[    9.665333] sd 2:0:1:0: Attached scsi generic sg1 type 0
[    9.666942] random: systemd-udevd: uninitialized urandom read (16 bytes read)
[    9.672733] sd 2:0:0:0: [sda] 20971520 512-byte logical blocks: (10.7 GB/10.0 GiB)
[    9.682275] sd 2:0:0:0: [sda] Write Protect is off
[    9.683629] sd 2:0:1:0: [sdb] 20480 512-byte logical blocks: (10.5 MB/10.0 MiB)
[    9.686333] sd 2:0:1:0: [sdb] Write Protect is off
[    9.687823] e1000 0000:00:08.0 eth1: (PCI:33MHz:32-bit) 08:00:27:28:e0:99
[    9.690572] e1000 0000:00:08.0 eth1: Intel(R) PRO/1000 Network Connection
[    9.692793] sd 2:0:0:0: [sda] Incomplete mode parameter data
[    9.694696] sd 2:0:0:0: [sda] Assuming drive cache: write through
[    9.698736] e1000 0000:00:08.0 enp0s8: renamed from eth1
[    9.700217] sd 2:0:1:0: [sdb] Incomplete mode parameter data
[    9.701599] sd 2:0:1:0: [sdb] Assuming drive cache: write through
[    9.706404]  sda: sda1
[    9.708715] sd 2:0:0:0: [sda] Attached SCSI disk
[    9.710433] sd 2:0:1:0: [sdb] Attached SCSI disk
[    9.716682] e1000 0000:00:03.0 enp0s3: renamed from eth0
Begin: Loading essential drivers ... [   11.264272] raid6: sse2x1   gen()  9747 MB/s
[   11.312554] raid6: sse2x1   xor()  6795 MB/s
[   11.360366] raid6: sse2x2   gen()  7070 MB/s
[   11.408319] raid6: sse2x2   xor()  5591 MB/s
[   11.456583] raid6: sse2x4   gen()  9568 MB/s
[   11.504124] raid6: sse2x4   xor()  4937 MB/s
[   11.552107] raid6: avx2x1   gen() 14060 MB/s
[   11.600039] raid6: avx2x1   xor() 14139 MB/s
[   11.648262] raid6: avx2x2   gen() 15949 MB/s
[   11.696536] raid6: avx2x2   xor() 11168 MB/s
[   11.744266] raid6: avx2x4   gen() 28617 MB/s
[   11.792298] raid6: avx2x4   xor() 18993 MB/s
[   11.793543] raid6: using algorithm avx2x4 gen() 28617 MB/s
[   11.794827] raid6: .... xor() 18993 MB/s, rmw enabled
[   11.795955] raid6: using avx2x2 recovery algorithm
[   11.799388] xor: automatically using best checksumming function   avx       
[   11.802435] async_tx: api initialized (async)
done.
Begin: Running /scripts/init-premount ... done.
Begin: Mounting root file system ... Begin: Running /scripts/local-top ... done.
Begin: Running /scripts/local-premount ... [   11.849203] Btrfs loaded, crc32c=crc32c-intel
Scanning for Btrfs filesystems
done.
Warning: fsck not present, so skipping root file system
[   11.895770] EXT4-fs (sda1): mounted filesystem with ordered data mode. Opts: (null)
done.
Begin: Running /scripts/local-bottom ... done.
Begin: Running /scripts/init-bottom ... done.
[   12.099993] ip_tables: (C) 2000-2006 Netfilter Core Team
[   12.110613] systemd[1]: systemd 237 running in system mode. (+PAM +AUDIT +SELINUX +IMA +APPARMOR +SMACK +SYSVINIT +UTMP +LIBCRYPTSETUP +GCRYPT +GNUTLS +ACL +XZ +LZ4 +SECCOMP +BLKID +ELFUTILS +KMOD -IDN2 +IDN -PCRE2 default-hierarchy=hybrid)
[   12.115212] systemd[1]: Detected virtualization oracle.
[   12.117206] systemd[1]: Detected architecture x86-64.

Welcome to [1mUbuntu 18.04.5 LTS[0m!

[   12.127620] systemd[1]: Set hostname to <stripe-test-project>.
[   12.501963] systemd[1]: Created slice System Slice.
[[0;32m  OK  [0m] Created slice System Slice.
[   12.504572] systemd[1]: Listening on Network Service Netlink Socket.
[[0;32m  OK  [0m] Listening on Network Service Netlink Socket.
[   12.507490] systemd[1]: Reached target System Time Synchronized.
[[0;32m  OK  [0m] Reached target System Time Synchronized.
[   12.510100] systemd[1]: Listening on Journal Socket.
[[0;32m  OK  [0m] Listening on Journal Socket.
[   12.513796] systemd[1]: Starting Load Kernel Modules...
         Starting Load Kernel Modules...
[   12.516309] systemd[1]: Mounting Kernel Debug File System...
         Mounting Kernel Debug File System...
         Starting Create list of required stâ€¦ce nodes for the current kernel...
[[0;32m  OK  [0m] Listening on Journal Socket (/dev/log).
         Mounting POSIX Message Queue File System...
         Starting Remount Root and Kernel File Systems...
[[0;32m  OK  [0m] Listening on Journal Audit Socket.
[[0;32m  OK  [0m] Listening on udev Kernel Socket.
[[0;32m  OK  [0m] Set up automount Arbitrary Executabâ€¦rmats File System Automount Point.
[[0;32m  OK  [0m] Started Forward Password Requests to Wall Directory Watch.
[[0;32m  OK  [0m] Created slice User and Session Slice.
[[0;32m  OK  [0m] Reached target Slices.
         Starting Set the console keyboard layout...
         Starting Uncomplicated firewall...
[[0;32m  OK  [0m] Listening on /dev/initctl Compatibility Named Pipe.
[[0;32m  OK  [0m] Listening on RPCbind Server Activation Socket.
         Mounting RPC Pipe File System...
[[0;32m  OK  [0m] Listening on LVM2 poll daemon socket.
[[0;32m  OK  [0m] Reached target Swap.
[[0;32m  OK  [0m] Created slice system-serial\x2dgetty.slice.
[[0;32m  OK  [0m] Reached target User and Group Name Lookups.
[[0;32m  OK  [0m] Listening on LVM2 metadata daemon socket.
         Mounting Huge Pages File System...
[[0;32m  OK  [0m] Listening on udev Control Socket.
         Starting udev Coldplug all Devices...
[[0;32m  OK  [0m] Listening on Syslog Socket.
[   12.563306] Loading iSCSI transport class v2.0-870.
         Starting Journal Service...
[[0;32m  OK  [0m] Listening on Device-mapper event daemon FIFOs.
         Starting Monitoring of LVM2 mirrorsâ€¦ng dmeventd or progress polling...
[[0;32m  OK  [0m] Mounted Kernel Debug File System.
[[0;32m  OK  [0m] Started Create list of required staâ€¦vice nodes for the current kernel.
[[0;32m  OK  [0m] Mounted POSIX Message Queue File System.
[[0;32m  OK  [0m] Started Uncomplicated firewall.
[[0;32m  OK  [0m] Mounted Huge Pages File System.
[   12.604994] iscsi: registered transport (tcp)
         Starting Create Static Device Nodes in /dev...
[   12.624873] iscsi: registered transport (iser)
[   12.627064] EXT4-fs (sda1): re-mounted. Opts: (null)
[[0;32m  OK  [0m] Started Load Kernel Modules.
         Mounting Kernel Configuration File System...
         Mounting FUSE Control File System...
         Starting Apply Kernel Variables...
[[0;32m  OK  [0m] Started Remount Root and Kernel File Systems.
[[0;32m  OK  [0m] Mounted Kernel Configuration File System.
         Starting Load/Save Random Seed...
[[0;32m  OK  [0m] Mounted FUSE Control File System.
[[0;32m  OK  [0m] Started udev Coldplug all Devices.
[   12.662340] RPC: Registered named UNIX socket transport module.
[   12.664144] RPC: Registered udp transport module.
[   12.665592] RPC: Registered tcp transport module.
[   12.666606] RPC: Registered tcp NFSv4.1 backchannel transport module.
[[0;32m  OK  [0m] Mounted RPC Pipe File System.
[[0;32m  OK  [0m] Started Load/Save Random Seed.
[[0;32m  OK  [0m] Started Create Static Device Nodes in /dev.
[[0;32m  OK  [0m] Started LVM2 metadata daemon.
         Starting udev Kernel Device Manager...
[[0;32m  OK  [0m] Started Journal Service.
[[0;32m  OK  [0m] Started Apply Kernel Variables.
         Starting Flush Journal to Persistent Storage...
[[0;32m  OK  [0m] Started Monitoring of LVM2 mirrors,â€¦sing dmeventd or progress polling.
[[0;32m  OK  [0m] Started udev Kernel Device Manager.
[[0;32m  OK  [0m] Started Set the console keyboard layout.
[[0;32m  OK  [0m] Reached target Local File Systems (Pre).
[[0;32m  OK  [0m] Reached target Local File Systems.
         Starting Tell Plymouth To Write Out Runtime Data...
         Starting AppArmor initialization...
         Starting ebtables ruleset management...
         Starting Set console font and keymap...
         Starting Preprocess NFS configuration...
[[0;32m  OK  [0m] Started Dispatch Password Requests to Console Directory Watch.
[[0;32m  OK  [0m] Reached target Local Encrypted Volumes.
[[0;32m  OK  [0m] Started Flush Journal to Persistent Storage.
         Starting Create Volatile Files and Directories...
[[0;32m  OK  [0m] Started Tell Plymouth To Write Out Runtime Data.
[[0;32m  OK  [0m] Started Preprocess NFS configuration.
[[0;32m  OK  [0m] Reached target NFS client services.
[[0;32m  OK  [0m] Started Set console font and keymap.
[[0;32m  OK  [0m] Started Create Volatile Files and Directories.
         Starting RPC bind portmap service...
         Starting Update UTMP about System Boot/Shutdown...
[[0;32m  OK  [0m] Started RPC bind portmap service.
[[0;32m  OK  [0m] Reached target RPC Port Mapper.
[[0;32m  OK  [0m] Started Update UTMP about System Boot/Shutdown.
[[0;32m  OK  [0m] Started ebtables ruleset management.
[[0;32m  OK  [0m] Found device /dev/ttyS0.
[[0;32m  OK  [0m] Listening on Load/Save RF Kill Switch Status /dev/rfkill Watch.
[[0;32m  OK  [0m] Started AppArmor initialization.
         Starting Load AppArmor profiles managed internally by snapd...
         Starting Initial cloud-init job (pre-networking)...
[[0;32m  OK  [0m] Started Load AppArmor profiles managed internally by snapd.
[   14.737021] cloud-init[559]: Cloud-init v. 20.3-2-g371b392c-0ubuntu1~18.04.1 running 'init-local' at Mon, 23 Nov 2020 14:15:40 +0000. Up 14.52 seconds.
[[0;32m  OK  [0m] Started Initial cloud-init job (pre-networking).
[[0;32m  OK  [0m] Reached target Network (Pre).
         Starting Network Service...
[[0;32m  OK  [0m] Started Network Service.
         Starting Network Name Resolution...
         Starting Wait for Network to be Configured...
[[0;32m  OK  [0m] Started Network Name Resolution.
[[0;32m  OK  [0m] Reached target Network.
[[0;32m  OK  [0m] Reached target Host and Network Name Lookups.
[[0;32m  OK  [0m] Started Wait for Network to be Configured.
         Starting Initial cloud-init job (metadata service crawler)...
[   17.259225] cloud-init[690]: Cloud-init v. 20.3-2-g371b392c-0ubuntu1~18.04.1 running 'init' at Mon, 23 Nov 2020 14:15:42 +0000. Up 17.07 seconds.
[   17.262275] cloud-init[690]: ci-info: ++++++++++++++++++++++++++++++++++++++Net device info+++++++++++++++++++++++++++++++++++++++
[   17.264604] cloud-init[690]: ci-info: +--------+------+-----------------------------+---------------+--------+-------------------+
[   17.266867] cloud-init[690]: ci-info: | Device |  Up  |           Address           |      Mask     | Scope  |     Hw-Address    |
[   17.284391] cloud-init[690]: ci-info: +--------+------+-----------------------------+---------------+--------+-------------------+
[   17.286970] cloud-init[690]: ci-info: | enp0s3 | True |          10.0.2.15          | 255.255.255.0 | global | 02:b0:7e:28:3d:e6 |
[   17.289431] cloud-init[690]: ci-info: | enp0s3 | True |  fe80::b0:7eff:fe28:3de6/64 |       .       |  link  | 02:b0:7e:28:3d:e6 |
[   17.292849] cloud-init[690]: ci-info: | enp0s8 | True |       192.168.118.118       | 255.255.255.0 | global | 08:00:27:28:e0:99 |
[   17.296298] cloud-init[690]: ci-info: | enp0s8 | True | fe80::a00:27ff:fe28:e099/64 |       .       |  link  | 08:00:27:28:e0:99 |
[   17.299361] cloud-init[690]: ci-info: |   lo   | True |          127.0.0.1          |   255.0.0.0   |  host  |         .         |
[   17.302507] cloud-init[690]: ci-info: |   lo   | True |           ::1/128           |       .       |  host  |         .         |
[   17.305191] cloud-init[690]: ci-info: +--------+------+-----------------------------+---------------+--------+-------------------+
[   17.310017] cloud-init[690]: ci-info: +++++++++++++++++++++++++++++Route IPv4 info++++++++++++++++++++++++++++++
[   17.312558] cloud-init[690]: ci-info: +-------+---------------+----------+-----------------+-----------+-------+
[   17.315538] cloud-init[690]: ci-info: | Route |  Destination  | Gateway  |     Genmask     | Interface | Flags |
[   17.318686] cloud-init[690]: ci-info: +-------+---------------+----------+-----------------+-----------+-------+
[   17.322081] cloud-init[690]: ci-info: |   0   |    0.0.0.0    | 10.0.2.2 |     0.0.0.0     |   enp0s3  |   UG  |
[   17.326128] cloud-init[690]: ci-info: |   1   |    10.0.2.0   | 0.0.0.0  |  255.255.255.0  |   enp0s3  |   U   |
[   17.329129] cloud-init[690]: ci-info: |   2   |    10.0.2.2   | 0.0.0.0  | 255.255.255.255 |   enp0s3  |   UH  |
[   17.331607] cloud-init[690]: ci-info: |   3   | 192.168.118.0 | 0.0.0.0  |  255.255.255.0  |   enp0s8  |   U   |
[   17.334166] cloud-init[690]: ci-info: +-------+---------------+----------+-----------------+-----------+-------+
[   17.338885] cloud-init[690]: ci-info: +++++++++++++++++++Route IPv6 info+++++++++++++++++++
[   17.340774] cloud-init[690]: ci-info: +-------+-------------+---------+-----------+-------+
[   17.342814] cloud-init[690]: ci-info: | Route | Destination | Gateway | Interface | Flags |
[   17.345081] cloud-init[690]: ci-info: +-------+-------------+---------+-----------+-------+
[   17.347003] cloud-init[690]: ci-info: |   1   |  fe80::/64  |    ::   |   enp0s3  |   U   |
[   17.348839] cloud-init[690]: ci-info: |   2   |  fe80::/64  |    ::   |   enp0s8  |   U   |
[   17.350783] cloud-init[690]: ci-info: |   4   |    local    |    ::   |   enp0s3  |   U   |
[   17.355017] cloud-init[690]: ci-info: |   5   |    local    |    ::   |   enp0s8  |   U   |
[   17.368536] cloud-init[690]: ci-info: |   6   |   ff00::/8  |    ::   |   enp0s3  |   U   |
[   17.371453] cloud-init[690]: ci-info: |   7   |   ff00::/8  |    ::   |   enp0s8  |   U   |
[   17.384292] cloud-init[690]: ci-info: +-------+-------------+---------+-----------+-------+
[[0;32m  OK  [0m] Started Initial cloud-init job (metadata service crawler).
[[0;32m  OK  [0m] Reached target System Initialization.
[[0;32m  OK  [0m] Started Message of the Day.
[[0;32m  OK  [0m] Listening on Open-iSCSI iscsid Socket.
[[0;32m  OK  [0m] Started Daily Cleanup of Temporary Directories.
[[0;32m  OK  [0m] Started Clean PHP session files every 30 mins.
[[0;32m  OK  [0m] Listening on D-Bus System Message Bus Socket.
[[0;32m  OK  [0m] Started Discard unused blocks once a week.
[[0;32m  OK  [0m] Started ACPI Events Check.
         Starting Socket activation for snappy daemon.
[[0;32m  OK  [0m] Started Daily apt download activities.
[[0;32m  OK  [0m] Started Daily apt upgrade and clean activities.
[[0;32m  OK  [0m] Reached target Timers.
[[0;32m  OK  [0m] Reached target Paths.
         Starting LXD - unix socket.
[[0;32m  OK  [0m] Listening on ACPID Listen Socket.
[[0;32m  OK  [0m] Listening on UUID daemon activation socket.
[[0;32m  OK  [0m] Reached target Network is Online.
[[0;32m  OK  [0m] Reached target Remote File Systems (Pre).
[[0;32m  OK  [0m] Reached target Remote File Systems.
         Starting Availability of block devices...
[[0;32m  OK  [0m] Reached target Cloud-config availability.
[[0;32m  OK  [0m] Listening on Socket activation for snappy daemon.
[[0;32m  OK  [0m] Listening on LXD - unix socket.
[[0;32m  OK  [0m] Started Availability of block devices.
[[0;32m  OK  [0m] Reached target Sockets.
[[0;32m  OK  [0m] Reached target Basic System.
         Starting Discard unused blocks...
         Starting LXD - container startup/shutdown...
         Starting LSB: Record successful boot for GRUB...
         Starting System Logging Service...
[[0;32m  OK  [0m] Started Deferred execution scheduler.
         Starting Permit User Sessions...
         Starting Accounts Service...
         Starting Clean php session files...
         Starting Message of the Day...
[[0;32m  OK  [0m] Started Regular background program processing daemon.
         Starting The PHP 7.4 FastCGI Process Manager...
         Starting Dispatcher daemon for systemd-networkd...
         Starting Advanced key-value store...
[[0;32m  OK  [0m] Started irqbalance daemon.
[[0;32m  OK  [0m] Started FUSE filesystem for LXC.
         Starting A high performance web server and a reverse proxy server...
[[0;32m  OK  [0m] Started D-Bus System Message Bus.
         Starting Virtualbox guest utils...
         Starting Snap Daemon...
         Starting MySQL Community Server...
         Starting Login Service...
         Starting LSB: automatic crash report generation...
         Starting OpenBSD Secure Shell server...
[[0;32m  OK  [0m] Started System Logging Service.
[[0;32m  OK  [0m] Started Discard unused blocks.
[[0;32m  OK  [0m] Started Permit User Sessions.
[[0;32m  OK  [0m] Started Advanced key-value store.
         Starting Hold until boot process finishes up...
         Starting Terminate Plymouth Boot Screen...
[[0;32m  OK  [0m] Started Hold until boot process finishes up.
         Starting Set console scheme...
[[0;32m  OK  [0m] Started Serial Getty on ttyS0.
[[0;32m  OK  [0m] Started Terminate Plymouth Boot Screen.
[[0;32m  OK  [0m] Started Login Service.
[[0;32m  OK  [0m] Started Unattended Upgrades Shutdown.
[[0;32m  OK  [0m] Started OpenBSD Secure Shell server.
[[0;32m  OK  [0m] Started LXD - container startup/shutdown.
[[0;32m  OK  [0m] Started Set console scheme.
[[0;32m  OK  [0m] Created slice system-getty.slice.
[[0;32m  OK  [0m] Started Getty on tty1.
[[0;32m  OK  [0m] Reached target Login Prompts.
[[0;32m  OK  [0m] Started A high performance web server and a reverse proxy server.
         Starting Authorization Manager...
[[0;32m  OK  [0m] Started LSB: automatic crash report generation.
[[0;32m  OK  [0m] Started LSB: Record successful boot for GRUB.
[[0;32m  OK  [0m] Started Virtualbox guest utils.
[[0;32m  OK  [0m] Started Authorization Manager.
[[0;32m  OK  [0m] Started Accounts Service.
[[0;32m  OK  [0m] Created slice User Slice of vagrant.
[[0;32m  OK  [0m] Started Dispatcher daemon for systemd-networkd.
[[0;32m  OK  [0m] Started Session 1 of user vagrant.
         Starting User Manager for UID 1000...
[[0;32m  OK  [0m] Started User Manager for UID 1000.
[[0;32m  OK  [0m] Started Snap Daemon.
         Starting Wait until snapd is fully seeded...
[[0;32m  OK  [0m] Started Wait until snapd is fully seeded.
         Starting Apply the settings specified in cloud-config...
[   21.195053] cloud-init[1267]: Cloud-init v. 20.3-2-g371b392c-0ubuntu1~18.04.1 running 'modules:config' at Mon, 23 Nov 2020 14:15:46 +0000. Up 20.94 seconds.
[[0;32m  OK  [0m] Started Apply the settings specified in cloud-config.
[[0;32m  OK  [0m] Started The PHP 7.4 FastCGI Process Manager.
[[0;32m  OK  [0m] Started Clean php session files.
[[0;32m  OK  [0m] Started MySQL Community Server.
[[0;32m  OK  [0m] Reached target Multi-User System.
         Starting Execute cloud user/final scripts...
[[0;32m  OK  [0m] Reached target Graphical Interface.
         Starting Update UTMP about System Runlevel Changes...
[[0;32m  OK  [0m] Started Update UTMP about System Runlevel Changes.
[   23.380435] cloud-init[1504]: Cloud-init v. 20.3-2-g371b392c-0ubuntu1~18.04.1 running 'modules:final' at Mon, 23 Nov 2020 14:15:48 +0000. Up 23.24 seconds.
[   23.387953] cloud-init[1504]: Cloud-init v. 20.3-2-g371b392c-0ubuntu1~18.04.1 finished at Mon, 23 Nov 2020 14:15:48 +0000. Datasource DataSourceNoCloud [seed=/dev/sdb][dsmode=net].  Up 23.36 seconds
[[0;32m  OK  [0m] Started Execute cloud user/final scripts.
[[0;32m  OK  [0m] Reached target Cloud-init target.

Ubuntu 18.04.5 LTS stripe-test-project ttyS0

stripe-test-project login: 